Component: ARM Compiler 5.06 update 6 (build 750) Tool: armlink [4d35ed]

==============================================================================

Section Cross References

    startup.o(STACK) refers (Special) to heapauxi.o(.text) for __use_two_region_memory
    startup.o(HEAP) refers (Special) to heapauxi.o(.text) for __use_two_region_memory
    startup.o(RESET) refers (Special) to heapauxi.o(.text) for __use_two_region_memory
    startup.o(RESET) refers to portasm.o(PORT_ASM) for vPortYieldProcessor
    startup.o(RESET) refers to startup.o(STACK) for Stack_Top
    startup.o(RESET) refers to __main.o(!!!main) for __main
    startup.o(.text) refers (Special) to heapauxi.o(.text) for __use_two_region_memory
    startup.o(.text) refers to startup.o(HEAP) for Heap_Mem
    startup.o(.text) refers to startup.o(STACK) for Stack_Mem
    main.o(.text) refers to gpio.o(.text) for GPIO_write
    main.o(.text) refers to tasks.o(.text) for xTaskGetTickCount
    main.o(.text) refers to serial.o(.text) for vSerialPutString
    main.o(.text) refers to main.o(.data) for flag_first
    main.o(.text) refers to main.o(.bss) for Tasks_Data
    serialisr.o(.text) refers to port.o(.data) for ulCriticalNesting
    serialisr.o(.text) refers to tasks.o(.data) for pxCurrentTCB
    serialisr.o(.text) refers to serial.o(.text) for vUART_ISRHandler
    gpio.o(.text) refers to gpio_cfg.o(.data) for PinConfig_array
    serial.o(.text) refers to aeabi_sdiv.o(.text_udiv) for __aeabi_uidivmod
    serial.o(.text) refers to serialisr.o(.text) for vUART_ISREntry
    serial.o(.text) refers to serial.o(.data) for isNewCharAvailable
    serial.o(.text) refers to serial.o(.bss) for txBuffer
    tasks.o(.text) refers to list.o(.text) for vListInitialise
    tasks.o(.text) refers to port.o(.text) for vPortEnterCritical
    tasks.o(.text) refers to portasm.o(PORT_ASM) for vPortYield
    tasks.o(.text) refers to aeabi_memset.o(.text) for __aeabi_memset
    tasks.o(.text) refers to heap_2.o(.text) for pvPortMalloc
    tasks.o(.text) refers to tasks.o(.bss) for pxReadyTasksLists
    tasks.o(.text) refers to tasks.o(.data) for pxDelayedTaskList
    tasks.o(.text) refers to main.o(.text) for vApplicationTickHook
    tasks.o(.text) refers to gpio.o(.text) for GPIO_write
    tasks.o(.text) refers to main.o(.data) for Task1_out_time
    tasks.o(.text) refers to fflt_noclz.o(x$fpl$fflt) for __aeabi_i2f
    tasks.o(.text) refers to fdiv.o(x$fpl$fdiv) for __aeabi_fdiv
    tasks.o(.text) refers to fmul.o(x$fpl$fmul) for __aeabi_fmul
    tasks.o(.text) refers to tasks.o(i.__ARM_common_disable_irq) for __ARM_common_disable_irq
    tasks.o(.text) refers to tasks.o(i.__ARM_common_call_via_r1) for __ARM_common_call_via_r1
    tasks.o(.text) refers to tasks.o(i.__ARM_common_switch8) for __ARM_common_switch8
    queue.o(.text) refers to aeabi_sdiv.o(.text_udiv) for __aeabi_uidivmod
    queue.o(.text) refers to port.o(.text) for vPortEnterCritical
    queue.o(.text) refers to tasks.o(.text) for xTaskRemoveFromEventList
    queue.o(.text) refers to portasm.o(PORT_ASM) for vPortYield
    queue.o(.text) refers to list.o(.text) for vListInitialise
    queue.o(.text) refers to heap_2.o(.text) for pvPortMalloc
    queue.o(.text) refers to rt_memcpy.o(.text) for __aeabi_memcpy
    port.o(.text) refers to portasm.o(PORT_ASM) for vPortStartFirstTask
    port.o(.text) refers to tasks.o(i.__ARM_common_disable_irq) for __ARM_common_disable_irq
    port.o(.text) refers to port.o(i.__ARM_common_enable_irq) for __ARM_common_enable_irq
    port.o(.text) refers to port.o(.data) for ulCriticalNesting
    heap_2.o(.text) refers to tasks.o(.text) for vTaskSuspendAll
    heap_2.o(.text) refers to aeabi_sdiv.o(.text_udiv) for __aeabi_uidivmod
    heap_2.o(.text) refers to rt_memclr.o(.text) for __aeabi_memclr
    heap_2.o(.text) refers to heap_2.o(.bss) for ucHeap
    heap_2.o(.text) refers to heap_2.o(.data) for xStart
    portasm.o(PORT_ASM) refers to tasks.o(.data) for pxCurrentTCB
    portasm.o(PORT_ASM) refers to port.o(.data) for ulCriticalNesting
    portasm.o(PORT_ASM) refers to tasks.o(.text) for vTaskSwitchContext
    flash.o(.text) refers to port.o(.text) for vPortEnterCritical
    flash.o(.text) refers to tasks.o(.text) for xTaskGetTickCount
    flash.o(.text) refers to partest.o(.text) for vParTestToggleLED
    flash.o(.text) refers to flash.o(.data) for uxFlashTaskNumber
    comtest.o(.text) refers to serial.o(.text) for xSerialGetChar
    comtest.o(.text) refers to partest.o(.text) for vParTestToggleLED
    comtest.o(.text) refers to tasks.o(.text) for xTaskGetTickCount
    comtest.o(.text) refers to aeabi_sdiv.o(.text_udiv) for __aeabi_uidivmod
    comtest.o(.text) refers to comtest.o(.data) for uxBaseLED
    blockq.o(.text) refers to queue.o(.text) for xQueueReceive
    blockq.o(.text) refers to heap_2.o(.text) for pvPortMalloc
    blockq.o(.text) refers to tasks.o(.text) for xTaskCreate
    blockq.o(.text) refers to blockq.o(.data) for sBlockingConsumerCount
    dynamic.o(.text) refers to tasks.o(.text) for vTaskSuspendAll
    dynamic.o(.text) refers to queue.o(.text) for xQueueReceive
    dynamic.o(.text) refers to port.o(.text) for vPortEnterCritical
    dynamic.o(.text) refers to dynamic.o(.data) for xSuspendedTestQueue
    pollq.o(.text) refers to queue.o(.text) for xQueueGenericSend
    pollq.o(.text) refers to port.o(.text) for vPortEnterCritical
    pollq.o(.text) refers to tasks.o(.text) for vTaskDelay
    pollq.o(.text) refers to pollq.o(.data) for xPollingProducerCount
    semtest.o(.text) refers to port.o(.text) for vPortEnterCritical
    semtest.o(.text) refers to queue.o(.text) for xQueueSemaphoreTake
    semtest.o(.text) refers to tasks.o(.text) for vTaskDelay
    semtest.o(.text) refers to portasm.o(PORT_ASM) for vPortYield
    semtest.o(.text) refers to heap_2.o(.text) for pvPortMalloc
    semtest.o(.text) refers to semtest.o(.data) for sNextCheckVariable
    rt_memcpy.o(.text) refers to rt_memcpy_w.o(.text) for __aeabi_memcpy4
    aeabi_memset.o(.text) refers to rt_memclr.o(.text) for _memset
    rt_memclr.o(.text) refers to rt_memclr_w.o(.text) for _memset_w
    aeabi_sdiv.o(.text_udiv) refers to aeabi_sdiv.o(.text) for __arm_div2
    aeabi_sdiv_div0.o(.text_udiv) refers to aeabi_sdiv_div0.o(.text) for __arm_div2
    __main.o(!!!main) refers to __rtentry.o(.ARM.Collect$$rtentry$$00000000) for __rt_entry
    fdiv.o(x$fpl$frdiv) refers (Special) to usenofp.o(x$fpl$usenofp) for __I$use$fp
    fdiv.o(x$fpl$frdiv) refers to fdiv.o(x$fpl$fdiv) for _fdiv1
    fdiv.o(x$fpl$fdiv) refers (Special) to usenofp.o(x$fpl$usenofp) for __I$use$fp
    fdiv.o(x$fpl$fdiv) refers to fretinf.o(x$fpl$fretinf) for __fpl_fretinf
    fdiv.o(x$fpl$fdiv) refers to fnaninf.o(x$fpl$fnaninf) for __fpl_fnaninf
    fflt_noclz.o(x$fpl$ffltu) refers (Special) to usenofp.o(x$fpl$usenofp) for __I$use$fp
    fflt_noclz.o(x$fpl$ffltu) refers to fflt_noclz.o(x$fpl$fflt) for __fflt_normalise
    fflt_noclz.o(x$fpl$fflt) refers (Special) to usenofp.o(x$fpl$usenofp) for __I$use$fp
    fmul.o(x$fpl$fmul) refers (Special) to usenofp.o(x$fpl$usenofp) for __I$use$fp
    fmul.o(x$fpl$fmul) refers to fretinf.o(x$fpl$fretinf) for __fpl_fretinf
    fmul.o(x$fpl$fmul) refers to fnaninf.o(x$fpl$fnaninf) for __fpl_fnaninf
    __rtentry.o(.ARM.Collect$$rtentry$$00000000) refers (Special) to __rtentry2.o(.ARM.Collect$$rtentry$$0000000A) for __rt_entry_li
    __rtentry.o(.ARM.Collect$$rtentry$$00000000) refers (Special) to __rtentry2.o(.ARM.Collect$$rtentry$$0000000D) for __rt_entry_main
    __rtentry.o(.ARM.Collect$$rtentry$$00000000) refers (Special) to __rtentry2.o(.ARM.Collect$$rtentry$$0000000C) for __rt_entry_postli_1
    __rtentry.o(.ARM.Collect$$rtentry$$00000000) refers (Special) to __rtentry2.o(.ARM.Collect$$rtentry$$00000009) for __rt_entry_postsh_1
    __rtentry.o(.ARM.Collect$$rtentry$$00000000) refers (Special) to __rtentry2.o(.ARM.Collect$$rtentry$$00000002) for __rt_entry_presh_1
    __rtentry.o(.ARM.Collect$$rtentry$$00000000) refers (Special) to __rtentry4.o(.ARM.Collect$$rtentry$$00000004) for __rt_entry_sh
    aeabi_idiv0_sigfpe.o(.text) refers to rt_div0.o(.text) for __rt_div0
    fnaninf.o(x$fpl$fnaninf) refers (Special) to usenofp.o(x$fpl$usenofp) for __I$use$fp
    fretinf.o(x$fpl$fretinf) refers (Special) to usenofp.o(x$fpl$usenofp) for __I$use$fp
    __rtentry2.o(.ARM.Collect$$rtentry$$00000008) refers to boardinit2.o(.text) for _platform_post_stackheap_init
    __rtentry2.o(.ARM.Collect$$rtentry$$0000000A) refers to libinit.o(.ARM.Collect$$libinit$$00000000) for __rt_lib_init
    __rtentry2.o(.ARM.Collect$$rtentry$$0000000B) refers to boardinit3.o(.text) for _platform_post_lib_init
    __rtentry2.o(.ARM.Collect$$rtentry$$0000000D) refers to exit.o(.text) for exit
    __rtentry2.o(.ARM.Collect$$rtentry$$0000000D) refers to main.o(.text) for main
    __rtentry2.o(.ARM.exidx) refers to __rtentry2.o(.ARM.Collect$$rtentry$$00000001) for .ARM.Collect$$rtentry$$00000001
    __rtentry2.o(.ARM.exidx) refers to __rtentry2.o(.ARM.Collect$$rtentry$$00000008) for .ARM.Collect$$rtentry$$00000008
    __rtentry2.o(.ARM.exidx) refers to __rtentry2.o(.ARM.Collect$$rtentry$$0000000A) for .ARM.Collect$$rtentry$$0000000A
    __rtentry2.o(.ARM.exidx) refers to __rtentry2.o(.ARM.Collect$$rtentry$$0000000B) for .ARM.Collect$$rtentry$$0000000B
    __rtentry2.o(.ARM.exidx) refers to __rtentry2.o(.ARM.Collect$$rtentry$$0000000D) for .ARM.Collect$$rtentry$$0000000D
    __rtentry4.o(.ARM.Collect$$rtentry$$00000004) refers to sys_stackheap_outer.o(.text) for __user_setup_stackheap
    __rtentry4.o(.ARM.exidx) refers to __rtentry4.o(.ARM.Collect$$rtentry$$00000004) for .ARM.Collect$$rtentry$$00000004
    rt_div0.o(.text) refers to defsig_fpe_outer.o(.text) for __rt_SIGFPE
    sys_stackheap_outer.o(.text) refers to libspace.o(.text) for __user_perproc_libspace
    sys_stackheap_outer.o(.text) refers to startup.o(.text) for __user_initial_stackheap
    exit.o(.text) refers to rtexit.o(.ARM.Collect$$rtexit$$00000000) for __rt_exit
    defsig_fpe_outer.o(.text) refers to defsig_fpe_inner.o(.text) for __rt_SIGFPE_inner
    defsig_fpe_outer.o(.text) refers to defsig_exit.o(.text) for __sig_exit
    defsig_fpe_formal.o(.text) refers to rt_raise.o(.text) for __rt_raise
    libinit.o(.ARM.Collect$$libinit$$00000000) refers (Special) to libinit2.o(.ARM.Collect$$libinit$$0000002E) for __rt_lib_init_alloca_1
    libinit.o(.ARM.Collect$$libinit$$00000000) refers (Special) to libinit2.o(.ARM.Collect$$libinit$$0000002C) for __rt_lib_init_argv_1
    libinit.o(.ARM.Collect$$libinit$$00000000) refers (Special) to libinit2.o(.ARM.Collect$$libinit$$0000001B) for __rt_lib_init_atexit_1
    libinit.o(.ARM.Collect$$libinit$$00000000) refers (Special) to libinit2.o(.ARM.Collect$$libinit$$00000021) for __rt_lib_init_clock_1
    libinit.o(.ARM.Collect$$libinit$$00000000) refers (Special) to libinit2.o(.ARM.Collect$$libinit$$00000032) for __rt_lib_init_cpp_1
    libinit.o(.ARM.Collect$$libinit$$00000000) refers (Special) to libinit2.o(.ARM.Collect$$libinit$$00000030) for __rt_lib_init_exceptions_1
    libinit.o(.ARM.Collect$$libinit$$00000000) refers (Special) to libinit2.o(.ARM.Collect$$libinit$$00000002) for __rt_lib_init_fp_1
    libinit.o(.ARM.Collect$$libinit$$00000000) refers (Special) to libinit2.o(.ARM.Collect$$libinit$$0000001F) for __rt_lib_init_fp_trap_1
    libinit.o(.ARM.Collect$$libinit$$00000000) refers (Special) to libinit2.o(.ARM.Collect$$libinit$$00000023) for __rt_lib_init_getenv_1
    libinit.o(.ARM.Collect$$libinit$$00000000) refers (Special) to libinit2.o(.ARM.Collect$$libinit$$0000000A) for __rt_lib_init_heap_1
    libinit.o(.ARM.Collect$$libinit$$00000000) refers (Special) to libinit2.o(.ARM.Collect$$libinit$$00000011) for __rt_lib_init_lc_collate_1
    libinit.o(.ARM.Collect$$libinit$$00000000) refers (Special) to libinit2.o(.ARM.Collect$$libinit$$00000013) for __rt_lib_init_lc_ctype_1
    libinit.o(.ARM.Collect$$libinit$$00000000) refers (Special) to libinit2.o(.ARM.Collect$$libinit$$00000015) for __rt_lib_init_lc_monetary_1
    libinit.o(.ARM.Collect$$libinit$$00000000) refers (Special) to libinit2.o(.ARM.Collect$$libinit$$00000017) for __rt_lib_init_lc_numeric_1
    libinit.o(.ARM.Collect$$libinit$$00000000) refers (Special) to libinit2.o(.ARM.Collect$$libinit$$00000019) for __rt_lib_init_lc_time_1
    libinit.o(.ARM.Collect$$libinit$$00000000) refers (Special) to libinit2.o(.ARM.Collect$$libinit$$00000004) for __rt_lib_init_preinit_1
    libinit.o(.ARM.Collect$$libinit$$00000000) refers (Special) to libinit2.o(.ARM.Collect$$libinit$$0000000E) for __rt_lib_init_rand_1
    libinit.o(.ARM.Collect$$libinit$$00000000) refers (Special) to libinit2.o(.ARM.Collect$$libinit$$00000033) for __rt_lib_init_return
    libinit.o(.ARM.Collect$$libinit$$00000000) refers (Special) to libinit2.o(.ARM.Collect$$libinit$$0000001D) for __rt_lib_init_signal_1
    libinit.o(.ARM.Collect$$libinit$$00000000) refers (Special) to libinit2.o(.ARM.Collect$$libinit$$00000025) for __rt_lib_init_stdio_1
    libinit.o(.ARM.Collect$$libinit$$00000000) refers (Special) to libinit2.o(.ARM.Collect$$libinit$$0000000C) for __rt_lib_init_user_alloc_1
    libspace.o(.text) refers to libspace.o(.bss) for __libspace_start
    rtexit.o(.ARM.Collect$$rtexit$$00000000) refers (Special) to rtexit2.o(.ARM.Collect$$rtexit$$00000004) for __rt_exit_exit
    rtexit.o(.ARM.Collect$$rtexit$$00000000) refers (Special) to rtexit2.o(.ARM.Collect$$rtexit$$00000003) for __rt_exit_ls
    rtexit.o(.ARM.Collect$$rtexit$$00000000) refers (Special) to rtexit2.o(.ARM.Collect$$rtexit$$00000002) for __rt_exit_prels_1
    rtexit.o(.ARM.exidx) refers (Special) to rtexit2.o(.ARM.Collect$$rtexit$$00000004) for __rt_exit_exit
    rtexit.o(.ARM.exidx) refers (Special) to rtexit2.o(.ARM.Collect$$rtexit$$00000003) for __rt_exit_ls
    rtexit.o(.ARM.exidx) refers (Special) to rtexit2.o(.ARM.Collect$$rtexit$$00000002) for __rt_exit_prels_1
    rtexit.o(.ARM.exidx) refers to rtexit.o(.ARM.Collect$$rtexit$$00000000) for .ARM.Collect$$rtexit$$00000000
    rt_raise.o(.text) refers to __raise.o(.text) for __raise
    rt_raise.o(.text) refers to sys_exit.o(.text) for _sys_exit
    defsig_exit.o(.text) refers to sys_exit.o(.text) for _sys_exit
    defsig_fpe_inner.o(.text) refers to defsig_general.o(.text) for __default_signal_display
    libinit2.o(.ARM.Collect$$libinit$$00000001) refers to fpinit.o(x$fpl$fpinit) for _fp_init
    libinit2.o(.ARM.Collect$$libinit$$00000010) refers to libinit2.o(.ARM.Collect$$libinit$$0000000F) for .ARM.Collect$$libinit$$0000000F
    libinit2.o(.ARM.Collect$$libinit$$00000012) refers to libinit2.o(.ARM.Collect$$libinit$$0000000F) for .ARM.Collect$$libinit$$0000000F
    libinit2.o(.ARM.Collect$$libinit$$00000014) refers to libinit2.o(.ARM.Collect$$libinit$$0000000F) for .ARM.Collect$$libinit$$0000000F
    libinit2.o(.ARM.Collect$$libinit$$00000016) refers to libinit2.o(.ARM.Collect$$libinit$$0000000F) for .ARM.Collect$$libinit$$0000000F
    libinit2.o(.ARM.Collect$$libinit$$00000018) refers to libinit2.o(.ARM.Collect$$libinit$$0000000F) for .ARM.Collect$$libinit$$0000000F
    libinit2.o(.ARM.Collect$$libinit$$00000026) refers to argv_veneer.o(.emb_text) for __ARM_argv_veneer
    libinit2.o(.ARM.Collect$$libinit$$00000027) refers to argv_veneer.o(.emb_text) for __ARM_argv_veneer
    sys_exit.o(.text) refers (Special) to use_no_semi.o(.text) for __I$use$semihosting
    sys_exit.o(.text) refers (Special) to indicate_semi.o(.text) for __semihosting_library_function
    rtexit2.o(.ARM.Collect$$rtexit$$00000003) refers to libshutdown.o(.ARM.Collect$$libshutdown$$00000000) for __rt_lib_shutdown
    rtexit2.o(.ARM.Collect$$rtexit$$00000004) refers to sys_exit.o(.text) for _sys_exit
    rtexit2.o(.ARM.exidx) refers to rtexit2.o(.ARM.Collect$$rtexit$$00000001) for .ARM.Collect$$rtexit$$00000001
    rtexit2.o(.ARM.exidx) refers to rtexit2.o(.ARM.Collect$$rtexit$$00000003) for .ARM.Collect$$rtexit$$00000003
    rtexit2.o(.ARM.exidx) refers to rtexit2.o(.ARM.Collect$$rtexit$$00000004) for .ARM.Collect$$rtexit$$00000004
    __raise.o(.text) refers to __raise.o(i.__ARM_common_call_via_r2) for __ARM_common_call_via_r2
    __raise.o(.text) refers to defsig.o(CL$$defsig) for __default_signal_handler
    defsig_general.o(.text) refers to sys_wrch.o(.text) for _ttywrch
    argv_veneer.o(.emb_text) refers to no_argv.o(.text) for __ARM_get_argv
    sys_wrch.o(.text) refers (Special) to use_no_semi.o(.text) for __I$use$semihosting
    sys_wrch.o(.text) refers (Special) to indicate_semi.o(.text) for __semihosting_library_function
    defsig.o(CL$$defsig) refers to defsig_fpe_inner.o(.text) for __rt_SIGFPE_inner
    defsig.o(CL$$defsig) refers to defsig_rtmem_inner.o(.text) for __rt_SIGRTMEM_inner
    _get_argv_nomalloc.o(.text) refers (Special) to hrguard.o(.text) for __heap_region$guard
    _get_argv_nomalloc.o(.text) refers to defsig_rtmem_outer.o(.text) for __rt_SIGRTMEM
    _get_argv_nomalloc.o(.text) refers to sys_command.o(.text) for _sys_command_string
    libshutdown.o(.ARM.Collect$$libshutdown$$00000000) refers (Special) to libshutdown2.o(.ARM.Collect$$libshutdown$$00000002) for __rt_lib_shutdown_cpp_1
    libshutdown.o(.ARM.Collect$$libshutdown$$00000000) refers (Special) to libshutdown2.o(.ARM.Collect$$libshutdown$$00000007) for __rt_lib_shutdown_fp_trap_1
    libshutdown.o(.ARM.Collect$$libshutdown$$00000000) refers (Special) to libshutdown2.o(.ARM.Collect$$libshutdown$$0000000F) for __rt_lib_shutdown_heap_1
    libshutdown.o(.ARM.Collect$$libshutdown$$00000000) refers (Special) to libshutdown2.o(.ARM.Collect$$libshutdown$$00000010) for __rt_lib_shutdown_return
    libshutdown.o(.ARM.Collect$$libshutdown$$00000000) refers (Special) to libshutdown2.o(.ARM.Collect$$libshutdown$$0000000A) for __rt_lib_shutdown_signal_1
    libshutdown.o(.ARM.Collect$$libshutdown$$00000000) refers (Special) to libshutdown2.o(.ARM.Collect$$libshutdown$$00000004) for __rt_lib_shutdown_stdio_1
    libshutdown.o(.ARM.Collect$$libshutdown$$00000000) refers (Special) to libshutdown2.o(.ARM.Collect$$libshutdown$$0000000C) for __rt_lib_shutdown_user_alloc_1
    sys_command.o(.text) refers (Special) to use_no_semi.o(.text) for __I$use$semihosting
    sys_command.o(.text) refers (Special) to indicate_semi.o(.text) for __semihosting_library_function
    defsig_abrt_inner.o(.text) refers to defsig_general.o(.text) for __default_signal_display
    defsig_rtred_inner.o(.text) refers to defsig_general.o(.text) for __default_signal_display
    defsig_rtmem_inner.o(.text) refers to defsig_general.o(.text) for __default_signal_display
    defsig_rtmem_outer.o(.text) refers to defsig_rtmem_inner.o(.text) for __rt_SIGRTMEM_inner
    defsig_rtmem_outer.o(.text) refers to defsig_exit.o(.text) for __sig_exit
    defsig_rtmem_formal.o(.text) refers to rt_raise.o(.text) for __rt_raise
    defsig_stak_inner.o(.text) refers to defsig_general.o(.text) for __default_signal_display
    defsig_pvfn_inner.o(.text) refers to defsig_general.o(.text) for __default_signal_display
    defsig_cppl_inner.o(.text) refers to defsig_general.o(.text) for __default_signal_display
    defsig_segv_inner.o(.text) refers to defsig_general.o(.text) for __default_signal_display
    defsig_other.o(.text) refers to defsig_general.o(.text) for __default_signal_display


==============================================================================

Removing Unused input sections from the image.

    Removing partest.o(.text), (80 bytes).
    Removing queue.o(.text), (2224 bytes).
    Removing flash.o(.text), (136 bytes).
    Removing flash.o(.data), (4 bytes).
    Removing comtest.o(.text), (304 bytes).
    Removing comtest.o(.data), (12 bytes).
    Removing blockq.o(.text), (600 bytes).
    Removing blockq.o(.data), (24 bytes).
    Removing dynamic.o(.text), (636 bytes).
    Removing dynamic.o(.data), (44 bytes).
    Removing pollq.o(.text), (312 bytes).
    Removing pollq.o(.data), (12 bytes).
    Removing semtest.o(.text), (496 bytes).
    Removing semtest.o(.data), (18 bytes).

14 unused section(s) (total 4902 bytes) removed from the image.

==============================================================================

Adding Veneers to the image

    Adding AT veneer (8 bytes, Inline) for call to '__rt_lib_init' from __rtentry2.o(.ARM.Collect$$rtentry$$0000000A).
    Adding AT veneer (8 bytes, Inline) for call to '__rt_lib_shutdown' from rtexit2.o(.ARM.Collect$$rtexit$$00000003).
    Adding TA veneer (4 bytes, Inline) for call to '__rt_exit' from exit.o(.text).
    Adding TA veneer (4 bytes, Inline) for call to '__aeabi_memset' from tasks.o(.text).
    Adding TA veneer (4 bytes, Inline) for call to '__aeabi_memclr' from heap_2.o(.text).
    Adding AT veneer (8 bytes, Inline) for call to '_sys_exit' from rtexit2.o(.ARM.Collect$$rtexit$$00000004).
    Adding TA veneer (4 bytes, Inline) for call to '__aeabi_uidivmod' from serial.o(.text).
    Adding TA veneer (4 bytes, Inline) for call to 'vPortStartFirstTask' from port.o(.text).
    Adding TA veneer (8 bytes, Short) for call to 'vPortYield' from tasks.o(.text).
    Adding TA veneer (4 bytes, Inline) for call to '__ARM_common_disable_irq' from tasks.o(.text).
    Adding TA veneer (4 bytes, Inline) for call to '__ARM_common_enable_irq' from port.o(.text).
    Adding TA veneer (4 bytes, Inline) for call to '__ARM_common_switch8' from tasks.o(.text).
    Adding TA veneer (4 bytes, Inline) for call to '__aeabi_fdiv' from tasks.o(.text).
    Adding TA veneer (4 bytes, Inline) for call to '__aeabi_i2f' from tasks.o(.text).
    Adding TA veneer (4 bytes, Inline) for call to '__aeabi_fmul' from tasks.o(.text).

15 Veneer(s) (total 76 bytes) added to the image.

==============================================================================

Image Symbol Table

    Local Symbols

    Symbol Name                              Value     Ov Type        Size  Object(Section)

    RESET                                    0x00000000   Section      260  startup.o(RESET)
    ../clib/angel/boardlib.s                 0x00000000   Number         0  boardshut.o ABSOLUTE
    ../clib/angel/boardlib.s                 0x00000000   Number         0  boardinit1.o ABSOLUTE
    ../clib/angel/boardlib.s                 0x00000000   Number         0  boardinit3.o ABSOLUTE
    ../clib/angel/boardlib.s                 0x00000000   Number         0  boardinit2.o ABSOLUTE
    ../clib/angel/dczerorl.s                 0x00000000   Number         0  __dczerorl.o ABSOLUTE
    ../clib/angel/handlers.s                 0x00000000   Number         0  __scatter_zi.o ABSOLUTE
    ../clib/angel/kernel.s                   0x00000000   Number         0  __rtentry2.o ABSOLUTE
    ../clib/angel/kernel.s                   0x00000000   Number         0  __rtentry4.o ABSOLUTE
    ../clib/angel/kernel.s                   0x00000000   Number         0  rtexit.o ABSOLUTE
    ../clib/angel/kernel.s                   0x00000000   Number         0  __rtentry.o ABSOLUTE
    ../clib/angel/kernel.s                   0x00000000   Number         0  rtexit2.o ABSOLUTE
    ../clib/angel/rt.s                       0x00000000   Number         0  rt_div0.o ABSOLUTE
    ../clib/angel/rt.s                       0x00000000   Number         0  rt_raise.o ABSOLUTE
    ../clib/angel/rt.s                       0x00000000   Number         0  aeabi_idiv0_sigfpe.o ABSOLUTE
    ../clib/angel/rt.s                       0x00000000   Number         0  aeabi_idiv0.o ABSOLUTE
    ../clib/angel/scatter.s                  0x00000000   Number         0  __scatter.o ABSOLUTE
    ../clib/angel/startup.s                  0x00000000   Number         0  __main.o ABSOLUTE
    ../clib/angel/sys.s                      0x00000000   Number         0  use_no_semi.o ABSOLUTE
    ../clib/angel/sys.s                      0x00000000   Number         0  indicate_semi.o ABSOLUTE
    ../clib/angel/sys.s                      0x00000000   Number         0  sys_stackheap_outer.o ABSOLUTE
    ../clib/angel/sys.s                      0x00000000   Number         0  libspace.o ABSOLUTE
    ../clib/angel/sysapp.c                   0x00000000   Number         0  sys_wrch.o ABSOLUTE
    ../clib/angel/sysapp.c                   0x00000000   Number         0  sys_command.o ABSOLUTE
    ../clib/angel/sysapp.c                   0x00000000   Number         0  sys_exit.o ABSOLUTE
    ../clib/armsys.c                         0x00000000   Number         0  argv_veneer.o ABSOLUTE
    ../clib/armsys.c                         0x00000000   Number         0  argv_veneer.o ABSOLUTE
    ../clib/armsys.c                         0x00000000   Number         0  no_argv.o ABSOLUTE
    ../clib/armsys.c                         0x00000000   Number         0  _get_argv_nomalloc.o ABSOLUTE
    ../clib/division.s                       0x00000000   Number         0  aeabi_sdiv_div0.o ABSOLUTE
    ../clib/division.s                       0x00000000   Number         0  aeabi_sdiv.o ABSOLUTE
    ../clib/divrt.s                          0x00000000   Number         0  divrt_7tdmi.o ABSOLUTE
    ../clib/divrt.s                          0x00000000   Number         0  divrt_7tdmi_div0.o ABSOLUTE
    ../clib/heapalloc.c                      0x00000000   Number         0  hrguard.o ABSOLUTE
    ../clib/heapaux.c                        0x00000000   Number         0  heapauxi.o ABSOLUTE
    ../clib/libinit.s                        0x00000000   Number         0  libinit2.o ABSOLUTE
    ../clib/libinit.s                        0x00000000   Number         0  libshutdown.o ABSOLUTE
    ../clib/libinit.s                        0x00000000   Number         0  libinit.o ABSOLUTE
    ../clib/libinit.s                        0x00000000   Number         0  libshutdown2.o ABSOLUTE
    ../clib/memcpset.s                       0x00000000   Number         0  rt_memcpy_w.o ABSOLUTE
    ../clib/memcpset.s                       0x00000000   Number         0  rt_memclr_w.o ABSOLUTE
    ../clib/memcpset.s                       0x00000000   Number         0  rt_memclr.o ABSOLUTE
    ../clib/memcpset.s                       0x00000000   Number         0  aeabi_memset.o ABSOLUTE
    ../clib/memcpset.s                       0x00000000   Number         0  rt_memcpy.o ABSOLUTE
    ../clib/signal.c                         0x00000000   Number         0  defsig_general.o ABSOLUTE
    ../clib/signal.c                         0x00000000   Number         0  defsig_rtmem_formal.o ABSOLUTE
    ../clib/signal.c                         0x00000000   Number         0  defsig_rtmem_outer.o ABSOLUTE
    ../clib/signal.c                         0x00000000   Number         0  defsig_rtmem_inner.o ABSOLUTE
    ../clib/signal.c                         0x00000000   Number         0  defsig_abrt_inner.o ABSOLUTE
    ../clib/signal.c                         0x00000000   Number         0  defsig_other.o ABSOLUTE
    ../clib/signal.c                         0x00000000   Number         0  defsig_segv_inner.o ABSOLUTE
    ../clib/signal.c                         0x00000000   Number         0  defsig_cppl_inner.o ABSOLUTE
    ../clib/signal.c                         0x00000000   Number         0  defsig_pvfn_inner.o ABSOLUTE
    ../clib/signal.c                         0x00000000   Number         0  defsig_exit.o ABSOLUTE
    ../clib/signal.c                         0x00000000   Number         0  defsig_rtred_inner.o ABSOLUTE
    ../clib/signal.c                         0x00000000   Number         0  defsig_fpe_inner.o ABSOLUTE
    ../clib/signal.c                         0x00000000   Number         0  defsig_fpe_formal.o ABSOLUTE
    ../clib/signal.c                         0x00000000   Number         0  defsig_fpe_outer.o ABSOLUTE
    ../clib/signal.c                         0x00000000   Number         0  defsig_stak_inner.o ABSOLUTE
    ../clib/signal.c                         0x00000000   Number         0  __raise.o ABSOLUTE
    ../clib/signal.s                         0x00000000   Number         0  defsig.o ABSOLUTE
    ../clib/stdlib.c                         0x00000000   Number         0  exit.o ABSOLUTE
    ../fplib/fdiv.s                          0x00000000   Number         0  fdiv.o ABSOLUTE
    ../fplib/fflt.s                          0x00000000   Number         0  fflt_noclz.o ABSOLUTE
    ../fplib/fmul.s                          0x00000000   Number         0  fmul.o ABSOLUTE
    ../fplib/fnaninf.s                       0x00000000   Number         0  fnaninf.o ABSOLUTE
    ../fplib/fpinit.s                        0x00000000   Number         0  fpinit.o ABSOLUTE
    ../fplib/fretinf.s                       0x00000000   Number         0  fretinf.o ABSOLUTE
    ../fplib/usenofp.s                       0x00000000   Number         0  usenofp.o ABSOLUTE
    ..\..\Source\list.c                      0x00000000   Number         0  list.o ABSOLUTE
    ..\..\Source\portable\MemMang\heap_2.c   0x00000000   Number         0  heap_2.o ABSOLUTE
    ..\..\Source\portable\RVDS\ARM7_LPC21xx\port.c 0x00000000   Number         0  port.o ABSOLUTE
    ..\..\Source\portable\RVDS\ARM7_LPC21xx\portASM.s 0x00000000   Number         0  portasm.o ABSOLUTE
    ..\..\Source\queue.c                     0x00000000   Number         0  queue.o ABSOLUTE
    ..\..\Source\tasks.c                     0x00000000   Number         0  tasks.o ABSOLUTE
    ..\Common\Minimal\BlockQ.c               0x00000000   Number         0  blockq.o ABSOLUTE
    ..\Common\Minimal\PollQ.c                0x00000000   Number         0  pollq.o ABSOLUTE
    ..\Common\Minimal\comtest.c              0x00000000   Number         0  comtest.o ABSOLUTE
    ..\Common\Minimal\dynamic.c              0x00000000   Number         0  dynamic.o ABSOLUTE
    ..\Common\Minimal\flash.c                0x00000000   Number         0  flash.o ABSOLUTE
    ..\Common\Minimal\semtest.c              0x00000000   Number         0  semtest.o ABSOLUTE
    ParTest\ParTest.c                        0x00000000   Number         0  partest.o ABSOLUTE
    Starter_Files_V1\source\GPIO.c           0x00000000   Number         0  gpio.o ABSOLUTE
    Starter_Files_V1\source\GPIO_cfg.c       0x00000000   Number         0  gpio_cfg.o ABSOLUTE
    Startup.s                                0x00000000   Number         0  startup.o ABSOLUTE
    dc.s                                     0x00000000   Number         0  dc.o ABSOLUTE
    main.c                                   0x00000000   Number         0  main.o ABSOLUTE
    serial\serial.c                          0x00000000   Number         0  serial.o ABSOLUTE
    serial\serialISR.s                       0x00000000   Number         0  serialisr.o ABSOLUTE
    Undef_Handler                            0x00000040   ARM Code       4  startup.o(RESET)
    PAbt_Handler                             0x00000048   ARM Code       4  startup.o(RESET)
    DAbt_Handler                             0x0000004c   ARM Code       4  startup.o(RESET)
    IRQ_Handler                              0x00000050   ARM Code       4  startup.o(RESET)
    FIQ_Handler                              0x00000054   ARM Code       4  startup.o(RESET)
    !!!main                                  0x00000104   Section        8  __main.o(!!!main)
    !!!scatter                               0x0000010c   Section       60  __scatter.o(!!!scatter)
    !!dczerorl                               0x00000148   Section       68  __dczerorl.o(!!dczerorl)
    !!handler_zi                             0x0000018c   Section       44  __scatter_zi.o(!!handler_zi)
    .ARM.Collect$$libinit$$00000000          0x000001c0   Section        2  libinit.o(.ARM.Collect$$libinit$$00000000)
    .ARM.Collect$$libinit$$00000002          0x000001c2   Section        0  libinit2.o(.ARM.Collect$$libinit$$00000002)
    .ARM.Collect$$libinit$$00000004          0x000001c2   Section        0  libinit2.o(.ARM.Collect$$libinit$$00000004)
    .ARM.Collect$$libinit$$0000000A          0x000001c2   Section        0  libinit2.o(.ARM.Collect$$libinit$$0000000A)
    .ARM.Collect$$libinit$$0000000C          0x000001c2   Section        0  libinit2.o(.ARM.Collect$$libinit$$0000000C)
    .ARM.Collect$$libinit$$0000000E          0x000001c2   Section        0  libinit2.o(.ARM.Collect$$libinit$$0000000E)
    .ARM.Collect$$libinit$$00000011          0x000001c2   Section        0  libinit2.o(.ARM.Collect$$libinit$$00000011)
    .ARM.Collect$$libinit$$00000013          0x000001c2   Section        0  libinit2.o(.ARM.Collect$$libinit$$00000013)
    .ARM.Collect$$libinit$$00000015          0x000001c2   Section        0  libinit2.o(.ARM.Collect$$libinit$$00000015)
    .ARM.Collect$$libinit$$00000017          0x000001c2   Section        0  libinit2.o(.ARM.Collect$$libinit$$00000017)
    .ARM.Collect$$libinit$$00000019          0x000001c2   Section        0  libinit2.o(.ARM.Collect$$libinit$$00000019)
    .ARM.Collect$$libinit$$0000001B          0x000001c2   Section        0  libinit2.o(.ARM.Collect$$libinit$$0000001B)
    .ARM.Collect$$libinit$$0000001D          0x000001c2   Section        0  libinit2.o(.ARM.Collect$$libinit$$0000001D)
    .ARM.Collect$$libinit$$0000001F          0x000001c2   Section        0  libinit2.o(.ARM.Collect$$libinit$$0000001F)
    .ARM.Collect$$libinit$$00000021          0x000001c2   Section        0  libinit2.o(.ARM.Collect$$libinit$$00000021)
    .ARM.Collect$$libinit$$00000023          0x000001c2   Section        0  libinit2.o(.ARM.Collect$$libinit$$00000023)
    .ARM.Collect$$libinit$$00000025          0x000001c2   Section        0  libinit2.o(.ARM.Collect$$libinit$$00000025)
    .ARM.Collect$$libinit$$0000002C          0x000001c2   Section        0  libinit2.o(.ARM.Collect$$libinit$$0000002C)
    .ARM.Collect$$libinit$$0000002E          0x000001c2   Section        0  libinit2.o(.ARM.Collect$$libinit$$0000002E)
    .ARM.Collect$$libinit$$00000030          0x000001c2   Section        0  libinit2.o(.ARM.Collect$$libinit$$00000030)
    .ARM.Collect$$libinit$$00000032          0x000001c2   Section        0  libinit2.o(.ARM.Collect$$libinit$$00000032)
    .ARM.Collect$$libinit$$00000033          0x000001c2   Section       12  libinit2.o(.ARM.Collect$$libinit$$00000033)
    .ARM.Collect$$libshutdown$$00000000      0x000001d8   Section        4  libshutdown.o(.ARM.Collect$$libshutdown$$00000000)
    .ARM.Collect$$libshutdown$$00000002      0x000001dc   Section        0  libshutdown2.o(.ARM.Collect$$libshutdown$$00000002)
    .ARM.Collect$$libshutdown$$00000004      0x000001dc   Section        0  libshutdown2.o(.ARM.Collect$$libshutdown$$00000004)
    .ARM.Collect$$libshutdown$$00000007      0x000001dc   Section        0  libshutdown2.o(.ARM.Collect$$libshutdown$$00000007)
    .ARM.Collect$$libshutdown$$0000000A      0x000001dc   Section        0  libshutdown2.o(.ARM.Collect$$libshutdown$$0000000A)
    .ARM.Collect$$libshutdown$$0000000C      0x000001dc   Section        0  libshutdown2.o(.ARM.Collect$$libshutdown$$0000000C)
    .ARM.Collect$$libshutdown$$0000000F      0x000001dc   Section        0  libshutdown2.o(.ARM.Collect$$libshutdown$$0000000F)
    .ARM.Collect$$libshutdown$$00000010      0x000001dc   Section        6  libshutdown2.o(.ARM.Collect$$libshutdown$$00000010)
    .ARM.Collect$$rtentry$$00000000          0x000001e4   Section        0  __rtentry.o(.ARM.Collect$$rtentry$$00000000)
    .ARM.Collect$$rtentry$$00000002          0x000001e4   Section        0  __rtentry2.o(.ARM.Collect$$rtentry$$00000002)
    .ARM.Collect$$rtentry$$00000004          0x000001e4   Section        8  __rtentry4.o(.ARM.Collect$$rtentry$$00000004)
    .ARM.Collect$$rtentry$$00000009          0x000001ec   Section        0  __rtentry2.o(.ARM.Collect$$rtentry$$00000009)
    .ARM.Collect$$rtentry$$0000000A          0x000001ec   Section        4  __rtentry2.o(.ARM.Collect$$rtentry$$0000000A)
    .ARM.Collect$$rtentry$$0000000C          0x000001f0   Section        0  __rtentry2.o(.ARM.Collect$$rtentry$$0000000C)
    .ARM.Collect$$rtentry$$0000000D          0x000001f0   Section       40  __rtentry2.o(.ARM.Collect$$rtentry$$0000000D)
    .ARM.Collect$$rtexit$$00000000           0x0000021c   Section        4  rtexit.o(.ARM.Collect$$rtexit$$00000000)
    .ARM.Collect$$rtexit$$00000002           0x00000220   Section        0  rtexit2.o(.ARM.Collect$$rtexit$$00000002)
    .ARM.Collect$$rtexit$$00000003           0x00000220   Section        4  rtexit2.o(.ARM.Collect$$rtexit$$00000003)
    .ARM.Collect$$rtexit$$00000004           0x00000224   Section        8  rtexit2.o(.ARM.Collect$$rtexit$$00000004)
    .text                                    0x0000022c   Section       32  startup.o(.text)
    .text                                    0x0000024c   Section        0  main.o(.text)
    configTimer1                             0x00000437   Thumb Code    22  main.o(.text)
    prvSetupHardware                         0x0000044d   Thumb Code    30  main.o(.text)
    .text                                    0x00000668   Section      148  serialisr.o(.text)
    .text                                    0x000006fc   Section        0  gpio.o(.text)
    .text                                    0x00000858   Section        0  serial.o(.text)
    .text                                    0x000009f8   Section        0  tasks.o(.text)
    prvInitialiseTaskLists                   0x000009f9   Thumb Code    78  tasks.o(.text)
    prvAddNewTaskToReadyList                 0x00000a47   Thumb Code   126  tasks.o(.text)
    prvInitialiseNewTask                     0x00000ac5   Thumb Code   166  tasks.o(.text)
    prvDeleteTCB                             0x00000c4f   Thumb Code    22  tasks.o(.text)
    prvResetNextTaskUnblockTime              0x00000c65   Thumb Code    44  tasks.o(.text)
    prvAddCurrentTaskToDelayedList           0x00000f71   Thumb Code   144  tasks.o(.text)
    prvTaskIsTaskSuspended                   0x0000155f   Thumb Code    66  tasks.o(.text)
    prvCheckTasksWaitingTermination          0x0000163b   Thumb Code   190  tasks.o(.text)
    prvIdleTask                              0x0000171b   Thumb Code    34  tasks.o(.text)
    prvTaskCheckFreeStackSpace               0x0000189f   Thumb Code    24  tasks.o(.text)
    prvListTasksWithinSingleList             0x00001939   Thumb Code   110  tasks.o(.text)
    .text                                    0x000021dc   Section        0  list.o(.text)
    .text                                    0x00002274   Section        0  port.o(.text)
    prvSetupTimerInterrupt                   0x000022f5   Thumb Code    60  port.o(.text)
    .text                                    0x000023cc   Section        0  heap_2.o(.text)
    prvHeapInit                              0x000023cd   Thumb Code    38  heap_2.o(.text)
    .text                                    0x00002588   Section       16  aeabi_memset.o(.text)
    .text                                    0x0000259c   Section       64  rt_memclr.o(.text)
    .text                                    0x000025dc   Section      384  aeabi_sdiv.o(.text)
    __arm_div8                               0x00002608   ARM Code       0  aeabi_sdiv.o(.text)
    __arm_div5                               0x0000262c   ARM Code       0  aeabi_sdiv.o(.text)
    __arm_div2                               0x00002650   ARM Code       0  aeabi_sdiv.o(.text)
    __arm_div_large                          0x0000268c   ARM Code       0  aeabi_sdiv.o(.text)
    .text                                    0x0000275c   Section        0  heapauxi.o(.text)
    .text                                    0x00002764   Section       84  rt_memclr_w.o(.text)
    .text                                    0x000027b8   Section       96  sys_stackheap_outer.o(.text)
    .text                                    0x00002818   Section        0  exit.o(.text)
    .text                                    0x0000282c   Section       12  libspace.o(.text)
    .text                                    0x00002840   Section        0  sys_exit.o(.text)
    .text                                    0x0000284c   Section        4  use_no_semi.o(.text)
    .text                                    0x00002850   Section        0  indicate_semi.o(.text)
    .text_udiv                               0x00002854   Section       36  aeabi_sdiv.o(.text_udiv)
    PORT_ASM                                 0x0000287c   Section      396  portasm.o(PORT_ASM)
    i.__ARM_common_call_via_r1               0x00002a10   Section        0  tasks.o(i.__ARM_common_call_via_r1)
    i.__ARM_common_disable_irq               0x00002a18   Section        0  tasks.o(i.__ARM_common_disable_irq)
    i.__ARM_common_enable_irq                0x00002a30   Section        0  port.o(i.__ARM_common_enable_irq)
    i.__ARM_common_switch8                   0x00002a44   Section        0  tasks.o(i.__ARM_common_switch8)
    x$fpl$fdiv                               0x00002a68   Section      400  fdiv.o(x$fpl$fdiv)
    _fdiv1                                   0x00002a68   ARM Code       0  fdiv.o(x$fpl$fdiv)
    x$fpl$fflt                               0x00002bfc   Section       92  fflt_noclz.o(x$fpl$fflt)
    x$fpl$fmul                               0x00002c5c   Section      256  fmul.o(x$fpl$fmul)
    x$fpl$fnaninf                            0x00002d5c   Section      168  fnaninf.o(x$fpl$fnaninf)
    x$fpl$fretinf                            0x00002e04   Section       16  fretinf.o(x$fpl$fretinf)
    x$fpl$usenofp                            0x00002e14   Section        0  usenofp.o(x$fpl$usenofp)
    .data                                    0x40000000   Section      121  main.o(.data)
    flag1                                    0x40000068   Data           4  main.o(.data)
    flag2                                    0x4000006c   Data           4  main.o(.data)
    flag1                                    0x40000070   Data           4  main.o(.data)
    flag2                                    0x40000074   Data           4  main.o(.data)
    flag_first                               0x40000078   Data           1  main.o(.data)
    .data                                    0x4000007a   Section       92  gpio_cfg.o(.data)
    .data                                    0x400000d6   Section        4  serial.o(.data)
    .data                                    0x400000dc   Section       64  tasks.o(.data)
    pxDelayedTaskList                        0x400000e0   Data           4  tasks.o(.data)
    pxOverflowDelayedTaskList                0x400000e4   Data           4  tasks.o(.data)
    uxDeletedTasksWaitingCleanUp             0x400000e8   Data           4  tasks.o(.data)
    uxCurrentNumberOfTasks                   0x400000ec   Data           4  tasks.o(.data)
    xTickCount                               0x400000f0   Data           4  tasks.o(.data)
    uxTopReadyPriority                       0x400000f4   Data           4  tasks.o(.data)
    xSchedulerRunning                        0x400000f8   Data           4  tasks.o(.data)
    xPendedTicks                             0x400000fc   Data           4  tasks.o(.data)
    xYieldPending                            0x40000100   Data           4  tasks.o(.data)
    xNumOfOverflows                          0x40000104   Data           4  tasks.o(.data)
    uxTaskNumber                             0x40000108   Data           4  tasks.o(.data)
    xNextTaskUnblockTime                     0x4000010c   Data           4  tasks.o(.data)
    xIdleTaskHandle                          0x40000110   Data           4  tasks.o(.data)
    uxSchedulerSuspended                     0x40000118   Data           4  tasks.o(.data)
    .data                                    0x4000011c   Section        4  port.o(.data)
    .data                                    0x40000120   Section       24  heap_2.o(.data)
    xStart                                   0x40000120   Data           8  heap_2.o(.data)
    xEnd                                     0x40000128   Data           8  heap_2.o(.data)
    xFreeBytesRemaining                      0x40000130   Data           4  heap_2.o(.data)
    xHeapHasBeenInitialised                  0x40000134   Data           4  heap_2.o(.data)
    .bss                                     0x40000138   Section       66  main.o(.bss)
    .bss                                     0x4000017a   Section      200  serial.o(.bss)
    .bss                                     0x40000244   Section      220  tasks.o(.bss)
    pxReadyTasksLists                        0x40000244   Data         100  tasks.o(.bss)
    xDelayedTaskList1                        0x400002a8   Data          20  tasks.o(.bss)
    xDelayedTaskList2                        0x400002bc   Data          20  tasks.o(.bss)
    xPendingReadyList                        0x400002d0   Data          20  tasks.o(.bss)
    xReadyTasksListEDF                       0x400002e4   Data          20  tasks.o(.bss)
    xTasksWaitingTermination                 0x400002f8   Data          20  tasks.o(.bss)
    xSuspendedTaskList                       0x4000030c   Data          20  tasks.o(.bss)
    .bss                                     0x40000320   Section    13312  heap_2.o(.bss)
    ucHeap                                   0x40000320   Data       13312  heap_2.o(.bss)
    .bss                                     0x40003720   Section       96  libspace.o(.bss)
    HEAP                                     0x40003780   Section        0  startup.o(HEAP)
    STACK                                    0x40003780   Section     1568  startup.o(STACK)
    Heap_Mem                                 0x40003780   Data           0  startup.o(HEAP)
    Stack_Mem                                0x40003780   Data        1568  startup.o(STACK)
    Stack_Top                                0x40003da0   Data           0  startup.o(STACK)

    Global Symbols

    Symbol Name                              Value     Ov Type        Size  Object(Section)

    BuildAttributes$$THM_ISAv1$ARM_ISAv4$S$PE$A:L22$X:L11$S22$IEEE1$IW$USESV6$~STKCKD$USESV7$~SHL$OSPACE$ROPI$EBA8$UX$STANDARDLIB$REQ8$PRES8$EABIv2 0x00000000   Number         0  anon$$obj.o ABSOLUTE
    __ARM_use_no_argv                        0x00000000   Number         0  main.o ABSOLUTE
    __ARM_exceptions_init                     - Undefined Weak Reference
    __alloca_initialize                       - Undefined Weak Reference
    __arm_preinit_                            - Undefined Weak Reference
    __cpp_initialize__aeabi_                  - Undefined Weak Reference
    __cxa_finalize                            - Undefined Weak Reference
    __rt_locale                               - Undefined Weak Reference
    __sigvec_lookup                           - Undefined Weak Reference
    _atexit_init                              - Undefined Weak Reference
    _call_atexit_fns                          - Undefined Weak Reference
    _clock_init                               - Undefined Weak Reference
    _fp_trap_init                             - Undefined Weak Reference
    _fp_trap_shutdown                         - Undefined Weak Reference
    _get_lc_collate                           - Undefined Weak Reference
    _get_lc_ctype                             - Undefined Weak Reference
    _get_lc_monetary                          - Undefined Weak Reference
    _get_lc_numeric                           - Undefined Weak Reference
    _get_lc_time                              - Undefined Weak Reference
    _getenv_init                              - Undefined Weak Reference
    _handle_redirection                       - Undefined Weak Reference
    _init_alloc                               - Undefined Weak Reference
    _init_user_alloc                          - Undefined Weak Reference
    _initio                                   - Undefined Weak Reference
    _rand_init                                - Undefined Weak Reference
    _signal_finish                            - Undefined Weak Reference
    _signal_init                              - Undefined Weak Reference
    _terminate_alloc                          - Undefined Weak Reference
    _terminate_user_alloc                     - Undefined Weak Reference
    _terminateio                              - Undefined Weak Reference
    Reset_Handler                            0x00000058   ARM Code       0  startup.o(RESET)
    __main                                   0x00000104   ARM Code       8  __main.o(!!!main)
    __scatterload                            0x0000010c   ARM Code       0  __scatter.o(!!!scatter)
    __scatterload_rt2                        0x0000010c   ARM Code      52  __scatter.o(!!!scatter)
    __scatterload_null                       0x00000120   ARM Code       0  __scatter.o(!!!scatter)
    __decompress                             0x00000148   ARM Code      68  __dczerorl.o(!!dczerorl)
    __decompress0                            0x00000148   ARM Code       0  __dczerorl.o(!!dczerorl)
    __scatterload_zeroinit                   0x0000018c   ARM Code      44  __scatter_zi.o(!!handler_zi)
    Inline ARM to Thumb Veneer to __rt_lib_init 0x000001b8   ARM Code       8  libinit.o(.ARM.Collect$$libinit$$00000000)
    __rt_lib_init                            0x000001c1   Thumb Code     0  libinit.o(.ARM.Collect$$libinit$$00000000)
    __rt_lib_init_alloca_1                   0x000001c3   Thumb Code     0  libinit2.o(.ARM.Collect$$libinit$$0000002E)
    __rt_lib_init_argv_1                     0x000001c3   Thumb Code     0  libinit2.o(.ARM.Collect$$libinit$$0000002C)
    __rt_lib_init_atexit_1                   0x000001c3   Thumb Code     0  libinit2.o(.ARM.Collect$$libinit$$0000001B)
    __rt_lib_init_clock_1                    0x000001c3   Thumb Code     0  libinit2.o(.ARM.Collect$$libinit$$00000021)
    __rt_lib_init_cpp_1                      0x000001c3   Thumb Code     0  libinit2.o(.ARM.Collect$$libinit$$00000032)
    __rt_lib_init_exceptions_1               0x000001c3   Thumb Code     0  libinit2.o(.ARM.Collect$$libinit$$00000030)
    __rt_lib_init_fp_1                       0x000001c3   Thumb Code     0  libinit2.o(.ARM.Collect$$libinit$$00000002)
    __rt_lib_init_fp_trap_1                  0x000001c3   Thumb Code     0  libinit2.o(.ARM.Collect$$libinit$$0000001F)
    __rt_lib_init_getenv_1                   0x000001c3   Thumb Code     0  libinit2.o(.ARM.Collect$$libinit$$00000023)
    __rt_lib_init_heap_1                     0x000001c3   Thumb Code     0  libinit2.o(.ARM.Collect$$libinit$$0000000A)
    __rt_lib_init_lc_collate_1               0x000001c3   Thumb Code     0  libinit2.o(.ARM.Collect$$libinit$$00000011)
    __rt_lib_init_lc_ctype_1                 0x000001c3   Thumb Code     0  libinit2.o(.ARM.Collect$$libinit$$00000013)
    __rt_lib_init_lc_monetary_1              0x000001c3   Thumb Code     0  libinit2.o(.ARM.Collect$$libinit$$00000015)
    __rt_lib_init_lc_numeric_1               0x000001c3   Thumb Code     0  libinit2.o(.ARM.Collect$$libinit$$00000017)
    __rt_lib_init_lc_time_1                  0x000001c3   Thumb Code     0  libinit2.o(.ARM.Collect$$libinit$$00000019)
    __rt_lib_init_preinit_1                  0x000001c3   Thumb Code     0  libinit2.o(.ARM.Collect$$libinit$$00000004)
    __rt_lib_init_rand_1                     0x000001c3   Thumb Code     0  libinit2.o(.ARM.Collect$$libinit$$0000000E)
    __rt_lib_init_return                     0x000001c3   Thumb Code     0  libinit2.o(.ARM.Collect$$libinit$$00000033)
    __rt_lib_init_signal_1                   0x000001c3   Thumb Code     0  libinit2.o(.ARM.Collect$$libinit$$0000001D)
    __rt_lib_init_stdio_1                    0x000001c3   Thumb Code     0  libinit2.o(.ARM.Collect$$libinit$$00000025)
    __rt_lib_init_user_alloc_1               0x000001c3   Thumb Code     0  libinit2.o(.ARM.Collect$$libinit$$0000000C)
    Inline ARM to Thumb Veneer to __rt_lib_shutdown 0x000001d0   ARM Code       8  libshutdown.o(.ARM.Collect$$libshutdown$$00000000)
    __rt_lib_shutdown                        0x000001d9   Thumb Code     0  libshutdown.o(.ARM.Collect$$libshutdown$$00000000)
    __rt_lib_shutdown_cpp_1                  0x000001dd   Thumb Code     0  libshutdown2.o(.ARM.Collect$$libshutdown$$00000002)
    __rt_lib_shutdown_fp_trap_1              0x000001dd   Thumb Code     0  libshutdown2.o(.ARM.Collect$$libshutdown$$00000007)
    __rt_lib_shutdown_heap_1                 0x000001dd   Thumb Code     0  libshutdown2.o(.ARM.Collect$$libshutdown$$0000000F)
    __rt_lib_shutdown_return                 0x000001dd   Thumb Code     0  libshutdown2.o(.ARM.Collect$$libshutdown$$00000010)
    __rt_lib_shutdown_signal_1               0x000001dd   Thumb Code     0  libshutdown2.o(.ARM.Collect$$libshutdown$$0000000A)
    __rt_lib_shutdown_stdio_1                0x000001dd   Thumb Code     0  libshutdown2.o(.ARM.Collect$$libshutdown$$00000004)
    __rt_lib_shutdown_user_alloc_1           0x000001dd   Thumb Code     0  libshutdown2.o(.ARM.Collect$$libshutdown$$0000000C)
    __rt_entry                               0x000001e4   ARM Code       0  __rtentry.o(.ARM.Collect$$rtentry$$00000000)
    __rt_entry_presh_1                       0x000001e4   ARM Code       0  __rtentry2.o(.ARM.Collect$$rtentry$$00000002)
    __rt_entry_sh                            0x000001e4   ARM Code       0  __rtentry4.o(.ARM.Collect$$rtentry$$00000004)
    __rt_entry_li                            0x000001ec   ARM Code       0  __rtentry2.o(.ARM.Collect$$rtentry$$0000000A)
    __rt_entry_postsh_1                      0x000001ec   ARM Code       0  __rtentry2.o(.ARM.Collect$$rtentry$$00000009)
    __rt_entry_main                          0x000001f0   ARM Code       0  __rtentry2.o(.ARM.Collect$$rtentry$$0000000D)
    __rt_entry_postli_1                      0x000001f0   ARM Code       0  __rtentry2.o(.ARM.Collect$$rtentry$$0000000C)
    Inline Thumb to ARM Veneer to __rt_exit  0x00000219   Thumb Code     4  rtexit.o(.ARM.Collect$$rtexit$$00000000)
    __rt_exit                                0x0000021c   ARM Code       0  rtexit.o(.ARM.Collect$$rtexit$$00000000)
    __rt_exit_ls                             0x00000220   ARM Code       0  rtexit2.o(.ARM.Collect$$rtexit$$00000003)
    __rt_exit_prels_1                        0x00000220   ARM Code       0  rtexit2.o(.ARM.Collect$$rtexit$$00000002)
    __rt_exit_exit                           0x00000224   ARM Code       0  rtexit2.o(.ARM.Collect$$rtexit$$00000004)
    __user_initial_stackheap                 0x0000022c   ARM Code       0  startup.o(.text)
    vApplicationTickHook                     0x0000024d   Thumb Code    28  main.o(.text)
    Load_2_Simulation                        0x00000269   Thumb Code    48  main.o(.text)
    Load_1_Simulation                        0x00000299   Thumb Code    48  main.o(.text)
    Uart_Receiver                            0x000002c9   Thumb Code    62  main.o(.text)
    string_copy                              0x00000307   Thumb Code    26  main.o(.text)
    Periodic_Transmitter                     0x00000321   Thumb Code    42  main.o(.text)
    Button_2_Monitor                         0x0000034b   Thumb Code   120  main.o(.text)
    Button_1_Monitor                         0x000003c3   Thumb Code   116  main.o(.text)
    main                                     0x0000046b   Thumb Code   158  main.o(.text)
    timer1Reset                              0x00000509   Thumb Code    26  main.o(.text)
    vUART_ISREntry                           0x00000668   ARM Code       0  serialisr.o(.text)
    GPIO_init                                0x000006fd   Thumb Code   198  gpio.o(.text)
    GPIO_read                                0x000007c3   Thumb Code    40  gpio.o(.text)
    GPIO_write                               0x000007eb   Thumb Code    96  gpio.o(.text)
    xSerialPortInitMinimal                   0x00000859   Thumb Code   124  serial.o(.text)
    xSerialGetChar                           0x000008d5   Thumb Code    34  serial.o(.text)
    xSerialPutChar                           0x000008f7   Thumb Code     6  serial.o(.text)
    vSerialPutString                         0x000008fd   Thumb Code    84  serial.o(.text)
    vUART_ISRHandler                         0x00000951   Thumb Code   120  serial.o(.text)
    xTaskCreate                              0x00000b6b   Thumb Code    96  tasks.o(.text)
    xTaskGetTickCount                        0x00000bcb   Thumb Code    22  tasks.o(.text)
    xTaskPeriodicCreate                      0x00000be1   Thumb Code   110  tasks.o(.text)
    vTaskDelete                              0x00000c91   Thumb Code   138  tasks.o(.text)
    xTaskIncrementTick                       0x00000d1b   Thumb Code   366  tasks.o(.text)
    xTaskResumeAll                           0x00000e89   Thumb Code   232  tasks.o(.text)
    vTaskSuspendAll                          0x00001001   Thumb Code    12  tasks.o(.text)
    xTaskDelayUntil                          0x0000100d   Thumb Code    98  tasks.o(.text)
    vTaskDelay                               0x0000106f   Thumb Code    42  tasks.o(.text)
    eTaskGetState                            0x00001099   Thumb Code   126  tasks.o(.text)
    uxTaskPriorityGet                        0x00001117   Thumb Code    36  tasks.o(.text)
    uxTaskPriorityGetFromISR                 0x0000113b   Thumb Code    26  tasks.o(.text)
    vTaskPrioritySet                         0x00001155   Thumb Code   164  tasks.o(.text)
    vTaskSwitchContext                       0x000011f9   Thumb Code   716  tasks.o(.text)
    vTaskSuspend                             0x000014c5   Thumb Code   154  tasks.o(.text)
    vTaskResume                              0x000015a1   Thumb Code    72  tasks.o(.text)
    xTaskResumeFromISR                       0x000015e9   Thumb Code    82  tasks.o(.text)
    vTaskSetApplicationTaskTag               0x000016f9   Thumb Code    34  tasks.o(.text)
    vTaskStartScheduler                      0x0000173d   Thumb Code   296  tasks.o(.text)
    vTaskEndScheduler                        0x00001865   Thumb Code    22  tasks.o(.text)
    xTaskGetTickCountFromISR                 0x0000187b   Thumb Code     8  tasks.o(.text)
    uxTaskGetNumberOfTasks                   0x00001883   Thumb Code     6  tasks.o(.text)
    pcTaskGetName                            0x00001889   Thumb Code    22  tasks.o(.text)
    vTaskGetInfo                             0x000018b7   Thumb Code   130  tasks.o(.text)
    uxTaskGetSystemState                     0x000019a7   Thumb Code   142  tasks.o(.text)
    xTaskCatchUpTicks                        0x00001a35   Thumb Code    32  tasks.o(.text)
    xTaskGetApplicationTaskTag               0x00001a55   Thumb Code    36  tasks.o(.text)
    xTaskGetApplicationTaskTagFromISR        0x00001a79   Thumb Code    26  tasks.o(.text)
    xTaskCallApplicationTaskHook             0x00001a93   Thumb Code    46  tasks.o(.text)
    vTaskPlaceOnEventList                    0x00001ac1   Thumb Code   124  tasks.o(.text)
    vTaskPlaceOnUnorderedEventList           0x00001b3d   Thumb Code    80  tasks.o(.text)
    xTaskRemoveFromEventList                 0x00001b8d   Thumb Code   166  tasks.o(.text)
    vTaskRemoveFromUnorderedEventList        0x00001c33   Thumb Code   118  tasks.o(.text)
    vTaskSetTimeOutState                     0x00001ca9   Thumb Code    30  tasks.o(.text)
    vTaskInternalSetTimeOutState             0x00001cc7   Thumb Code    14  tasks.o(.text)
    xTaskCheckForTimeOut                     0x00001cd5   Thumb Code    94  tasks.o(.text)
    vTaskMissedYield                         0x00001d33   Thumb Code     8  tasks.o(.text)
    uxTaskGetTaskNumber                      0x00001d3b   Thumb Code    16  tasks.o(.text)
    vTaskSetTaskNumber                       0x00001d4b   Thumb Code    10  tasks.o(.text)
    xTaskGetCurrentTaskHandle                0x00001d55   Thumb Code     6  tasks.o(.text)
    uxTaskResetEventItemValue                0x00001d5b   Thumb Code    24  tasks.o(.text)
    ulTaskGenericNotifyTake                  0x00001d73   Thumb Code   124  tasks.o(.text)
    xTaskGenericNotifyWait                   0x00001def   Thumb Code   152  tasks.o(.text)
    xTaskGenericNotify                       0x00001e87   Thumb Code   256  tasks.o(.text)
    xTaskGenericNotifyFromISR                0x00001f87   Thumb Code   280  tasks.o(.text)
    vTaskGenericNotifyGiveFromISR            0x0000209f   Thumb Code   172  tasks.o(.text)
    xTaskGenericNotifyStateClear             0x0000214b   Thumb Code    60  tasks.o(.text)
    ulTaskGenericNotifyValueClear            0x00002187   Thumb Code    66  tasks.o(.text)
    vListInitialise                          0x000021dd   Thumb Code    26  list.o(.text)
    vListInitialiseItem                      0x000021f7   Thumb Code     6  list.o(.text)
    vListInsertEnd                           0x000021fd   Thumb Code    24  list.o(.text)
    vListInsert                              0x00002215   Thumb Code    56  list.o(.text)
    uxListRemove                             0x0000224d   Thumb Code    40  list.o(.text)
    pxPortInitialiseStack                    0x00002275   Thumb Code   128  port.o(.text)
    xPortStartScheduler                      0x00002331   Thumb Code    18  port.o(.text)
    vPortEndScheduler                        0x00002343   Thumb Code     2  port.o(.text)
    vPortEnterCritical                       0x00002345   Thumb Code    22  port.o(.text)
    vPortExitCritical                        0x0000235b   Thumb Code    38  port.o(.text)
    pvPortMalloc                             0x000023f3   Thumb Code   214  heap_2.o(.text)
    vPortFree                                0x000024c9   Thumb Code    84  heap_2.o(.text)
    xPortGetFreeHeapSize                     0x0000251d   Thumb Code     6  heap_2.o(.text)
    vPortInitialiseBlocks                    0x00002523   Thumb Code     2  heap_2.o(.text)
    pvPortCalloc                             0x00002525   Thumb Code    70  heap_2.o(.text)
    Inline Thumb to ARM Veneer to __aeabi_memset 0x00002585   Thumb Code     4  aeabi_memset.o(.text)
    __aeabi_memset                           0x00002588   ARM Code      16  aeabi_memset.o(.text)
    Inline Thumb to ARM Veneer to __aeabi_memclr 0x00002599   Thumb Code     4  rt_memclr.o(.text)
    __aeabi_memclr                           0x0000259c   ARM Code       0  rt_memclr.o(.text)
    __rt_memclr                              0x0000259c   ARM Code      64  rt_memclr.o(.text)
    _memset                                  0x000025a0   ARM Code       0  rt_memclr.o(.text)
    __aeabi_idiv                             0x000025dc   ARM Code       0  aeabi_sdiv.o(.text)
    __aeabi_idivmod                          0x000025dc   ARM Code     384  aeabi_sdiv.o(.text)
    __use_two_region_memory                  0x0000275d   Thumb Code     2  heapauxi.o(.text)
    __rt_heap_escrow$2region                 0x0000275f   Thumb Code     2  heapauxi.o(.text)
    __rt_heap_expand$2region                 0x00002761   Thumb Code     2  heapauxi.o(.text)
    __aeabi_memclr4                          0x00002764   ARM Code       0  rt_memclr_w.o(.text)
    __aeabi_memclr8                          0x00002764   ARM Code       0  rt_memclr_w.o(.text)
    __rt_memclr_w                            0x00002764   ARM Code      84  rt_memclr_w.o(.text)
    _memset_w                                0x00002768   ARM Code       0  rt_memclr_w.o(.text)
    __user_setup_stackheap                   0x000027b8   ARM Code      96  sys_stackheap_outer.o(.text)
    exit                                     0x00002819   Thumb Code    20  exit.o(.text)
    __user_libspace                          0x0000282c   ARM Code      12  libspace.o(.text)
    __user_perproc_libspace                  0x0000282c   ARM Code       0  libspace.o(.text)
    __user_perthread_libspace                0x0000282c   ARM Code       0  libspace.o(.text)
    Inline ARM to Thumb Veneer to _sys_exit  0x00002838   ARM Code       8  sys_exit.o(.text)
    _sys_exit                                0x00002841   Thumb Code     8  sys_exit.o(.text)
    __I$use$semihosting                      0x0000284c   ARM Code       0  use_no_semi.o(.text)
    __use_no_semihosting_swi                 0x0000284c   ARM Code       4  use_no_semi.o(.text)
    Inline Thumb to ARM Veneer to __aeabi_uidivmod 0x00002851   Thumb Code     4  aeabi_sdiv.o(.text_udiv)
    __semihosting_library_function           0x00002850   ARM Code       0  indicate_semi.o(.text)
    __aeabi_uidiv                            0x00002854   ARM Code       0  aeabi_sdiv.o(.text_udiv)
    __aeabi_uidivmod                         0x00002854   ARM Code      36  aeabi_sdiv.o(.text_udiv)
    Inline Thumb to ARM Veneer to vPortStartFirstTask 0x00002879   Thumb Code     4  portasm.o(PORT_ASM)
    vPortStartFirstTask                      0x0000287c   ARM Code       0  portasm.o(PORT_ASM)
    vPortYield                               0x000028ac   ARM Code       0  portasm.o(PORT_ASM)
    vPortYieldProcessor                      0x000028b4   ARM Code       0  portasm.o(PORT_ASM)
    vPreemptiveTick                          0x00002940   ARM Code       0  portasm.o(PORT_ASM)
    Short Thumb to ARM Veneer to vPortYield  0x00002a09   Thumb Code     8  anon$$obj.o(Veneer$$Code)
    __ARM_common_call_via_r1                 0x00002a11   Thumb Code     2  tasks.o(i.__ARM_common_call_via_r1)
    Inline Thumb to ARM Veneer to __ARM_common_disable_irq 0x00002a15   Thumb Code     4  tasks.o(i.__ARM_common_disable_irq)
    __ARM_common_disable_irq                 0x00002a18   ARM Code      20  tasks.o(i.__ARM_common_disable_irq)
    Inline Thumb to ARM Veneer to __ARM_common_enable_irq 0x00002a2d   Thumb Code     4  port.o(i.__ARM_common_enable_irq)
    __ARM_common_enable_irq                  0x00002a30   ARM Code      16  port.o(i.__ARM_common_enable_irq)
    Inline Thumb to ARM Veneer to __ARM_common_switch8 0x00002a41   Thumb Code     4  tasks.o(i.__ARM_common_switch8)
    __ARM_common_switch8                     0x00002a44   ARM Code      32  tasks.o(i.__ARM_common_switch8)
    Inline Thumb to ARM Veneer to __aeabi_fdiv 0x00002a65   Thumb Code     4  fdiv.o(x$fpl$fdiv)
    __aeabi_fdiv                             0x00002a68   ARM Code       0  fdiv.o(x$fpl$fdiv)
    _fdiv                                    0x00002a68   ARM Code     396  fdiv.o(x$fpl$fdiv)
    Inline Thumb to ARM Veneer to __aeabi_i2f 0x00002bf9   Thumb Code     4  fflt_noclz.o(x$fpl$fflt)
    __aeabi_i2f                              0x00002bfc   ARM Code       0  fflt_noclz.o(x$fpl$fflt)
    _fflt                                    0x00002bfc   ARM Code      92  fflt_noclz.o(x$fpl$fflt)
    __fflt_normalise                         0x00002c08   ARM Code       0  fflt_noclz.o(x$fpl$fflt)
    Inline Thumb to ARM Veneer to __aeabi_fmul 0x00002c59   Thumb Code     4  fmul.o(x$fpl$fmul)
    __aeabi_fmul                             0x00002c5c   ARM Code       0  fmul.o(x$fpl$fmul)
    _fmul                                    0x00002c5c   ARM Code     256  fmul.o(x$fpl$fmul)
    __fpl_fnaninf                            0x00002d5c   ARM Code     168  fnaninf.o(x$fpl$fnaninf)
    __fpl_fretinf                            0x00002e04   ARM Code      16  fretinf.o(x$fpl$fretinf)
    Region$$Table$$Base                      0x00002e14   Number         0  anon$$obj.o(Region$$Table)
    __I$use$fp                               0x00002e14   Number         0  usenofp.o(x$fpl$usenofp)
    Region$$Table$$Limit                     0x00002e34   Number         0  anon$$obj.o(Region$$Table)
    Button_1_Monitor_Handler                 0x40000000   Data           4  main.o(.data)
    Button_2_Monitor_Handler                 0x40000004   Data           4  main.o(.data)
    Periodic_Transmitter_Handler             0x40000008   Data           4  main.o(.data)
    Uart_Receiver_Handler                    0x4000000c   Data           4  main.o(.data)
    Load_1_Simulation_Handler                0x40000010   Data           4  main.o(.data)
    Load_2_Simulation_Handler                0x40000014   Data           4  main.o(.data)
    Task1_in_time                            0x40000018   Data           4  main.o(.data)
    Task2_in_time                            0x4000001c   Data           4  main.o(.data)
    Task3_in_time                            0x40000020   Data           4  main.o(.data)
    Task4_in_time                            0x40000024   Data           4  main.o(.data)
    Task5_in_time                            0x40000028   Data           4  main.o(.data)
    Task6_in_time                            0x4000002c   Data           4  main.o(.data)
    Task1_out_time                           0x40000030   Data           4  main.o(.data)
    Task2_out_time                           0x40000034   Data           4  main.o(.data)
    Task3_out_time                           0x40000038   Data           4  main.o(.data)
    Task4_out_time                           0x4000003c   Data           4  main.o(.data)
    Task5_out_time                           0x40000040   Data           4  main.o(.data)
    Task6_out_time                           0x40000044   Data           4  main.o(.data)
    Task1_total_time                         0x40000048   Data           4  main.o(.data)
    Task2_total_time                         0x4000004c   Data           4  main.o(.data)
    Task3_total_time                         0x40000050   Data           4  main.o(.data)
    Task4_total_time                         0x40000054   Data           4  main.o(.data)
    Task5_total_time                         0x40000058   Data           4  main.o(.data)
    Task6_total_time                         0x4000005c   Data           4  main.o(.data)
    Total_System_Time                        0x40000060   Data           4  main.o(.data)
    CPU_Load                                 0x40000064   Data           4  main.o(.data)
    PinConfig_array                          0x4000007a   Data          90  gpio_cfg.o(.data)
    PinConfig_array_size                     0x400000d4   Data           2  gpio_cfg.o(.data)
    receivedChar                             0x400000d6   Data           1  serial.o(.data)
    isNewCharAvailable                       0x400000d7   Data           1  serial.o(.data)
    txDataSizeToSend                         0x400000d8   Data           1  serial.o(.data)
    txDataSizeLeftToSend                     0x400000d9   Data           1  serial.o(.data)
    pxCurrentTCB                             0x400000dc   Data           4  tasks.o(.data)
    uxTopUsedPriority                        0x40000114   Data           4  tasks.o(.data)
    ulCriticalNesting                        0x4000011c   Data           4  port.o(.data)
    Tasks_Data                               0x40000138   Data          66  main.o(.bss)
    txBuffer                                 0x4000017a   Data         200  serial.o(.bss)
    __libspace_start                         0x40003720   Data          96  libspace.o(.bss)
    __temporary_stack_top$libspace           0x40003780   Data           0  libspace.o(.bss)



==============================================================================

Memory Map of the image

  Image Entry point : 0x00000104

  Load Region LR_IROM1 (Base: 0x00000000, Size: 0x00002f6c, Max: 0x00040000, ABSOLUTE, COMPRESSED[0x00002e9c])

    Execution Region ER_IROM1 (Exec base: 0x00000000, Load base: 0x00000000, Size: 0x00002e34, Max: 0x00040000, ABSOLUTE)

    Exec Addr    Load Addr    Size         Type   Attr      Idx    E Section Name        Object

    0x00000000   0x00000000   0x00000104   Code   RO            3    RESET               startup.o
    0x00000104   0x00000104   0x00000008   Code   RO          386  * !!!main             c_t.l(__main.o)
    0x0000010c   0x0000010c   0x0000003c   Code   RO          576    !!!scatter          c_t.l(__scatter.o)
    0x00000148   0x00000148   0x00000044   Code   RO          574    !!dczerorl          c_t.l(__dczerorl.o)
    0x0000018c   0x0000018c   0x0000002c   Code   RO          578    !!handler_zi        c_t.l(__scatter_zi.o)
    0x000001b8   0x000001b8   0x00000008   Ven    RO          442    .ARM.Collect$$libinit$$00000000  c_t.l(libinit.o)
    0x000001c0   0x000001c0   0x00000002   Code   RO          442    .ARM.Collect$$libinit$$00000000  c_t.l(libinit.o)
    0x000001c2   0x000001c2   0x00000000   Code   RO          455    .ARM.Collect$$libinit$$00000002  c_t.l(libinit2.o)
    0x000001c2   0x000001c2   0x00000000   Code   RO          457    .ARM.Collect$$libinit$$00000004  c_t.l(libinit2.o)
    0x000001c2   0x000001c2   0x00000000   Code   RO          460    .ARM.Collect$$libinit$$0000000A  c_t.l(libinit2.o)
    0x000001c2   0x000001c2   0x00000000   Code   RO          462    .ARM.Collect$$libinit$$0000000C  c_t.l(libinit2.o)
    0x000001c2   0x000001c2   0x00000000   Code   RO          464    .ARM.Collect$$libinit$$0000000E  c_t.l(libinit2.o)
    0x000001c2   0x000001c2   0x00000000   Code   RO          467    .ARM.Collect$$libinit$$00000011  c_t.l(libinit2.o)
    0x000001c2   0x000001c2   0x00000000   Code   RO          469    .ARM.Collect$$libinit$$00000013  c_t.l(libinit2.o)
    0x000001c2   0x000001c2   0x00000000   Code   RO          471    .ARM.Collect$$libinit$$00000015  c_t.l(libinit2.o)
    0x000001c2   0x000001c2   0x00000000   Code   RO          473    .ARM.Collect$$libinit$$00000017  c_t.l(libinit2.o)
    0x000001c2   0x000001c2   0x00000000   Code   RO          475    .ARM.Collect$$libinit$$00000019  c_t.l(libinit2.o)
    0x000001c2   0x000001c2   0x00000000   Code   RO          477    .ARM.Collect$$libinit$$0000001B  c_t.l(libinit2.o)
    0x000001c2   0x000001c2   0x00000000   Code   RO          479    .ARM.Collect$$libinit$$0000001D  c_t.l(libinit2.o)
    0x000001c2   0x000001c2   0x00000000   Code   RO          481    .ARM.Collect$$libinit$$0000001F  c_t.l(libinit2.o)
    0x000001c2   0x000001c2   0x00000000   Code   RO          483    .ARM.Collect$$libinit$$00000021  c_t.l(libinit2.o)
    0x000001c2   0x000001c2   0x00000000   Code   RO          485    .ARM.Collect$$libinit$$00000023  c_t.l(libinit2.o)
    0x000001c2   0x000001c2   0x00000000   Code   RO          487    .ARM.Collect$$libinit$$00000025  c_t.l(libinit2.o)
    0x000001c2   0x000001c2   0x00000000   Code   RO          491    .ARM.Collect$$libinit$$0000002C  c_t.l(libinit2.o)
    0x000001c2   0x000001c2   0x00000000   Code   RO          493    .ARM.Collect$$libinit$$0000002E  c_t.l(libinit2.o)
    0x000001c2   0x000001c2   0x00000000   Code   RO          495    .ARM.Collect$$libinit$$00000030  c_t.l(libinit2.o)
    0x000001c2   0x000001c2   0x00000000   Code   RO          497    .ARM.Collect$$libinit$$00000032  c_t.l(libinit2.o)
    0x000001c2   0x000001c2   0x0000000c   Code   RO          498    .ARM.Collect$$libinit$$00000033  c_t.l(libinit2.o)
    0x000001ce   0x000001ce   0x00000002   PAD
    0x000001d0   0x000001d0   0x00000008   Ven    RO          531    .ARM.Collect$$libshutdown$$00000000  c_t.l(libshutdown.o)
    0x000001d8   0x000001d8   0x00000004   Code   RO          531    .ARM.Collect$$libshutdown$$00000000  c_t.l(libshutdown.o)
    0x000001dc   0x000001dc   0x00000000   Code   RO          557    .ARM.Collect$$libshutdown$$00000002  c_t.l(libshutdown2.o)
    0x000001dc   0x000001dc   0x00000000   Code   RO          559    .ARM.Collect$$libshutdown$$00000004  c_t.l(libshutdown2.o)
    0x000001dc   0x000001dc   0x00000000   Code   RO          562    .ARM.Collect$$libshutdown$$00000007  c_t.l(libshutdown2.o)
    0x000001dc   0x000001dc   0x00000000   Code   RO          565    .ARM.Collect$$libshutdown$$0000000A  c_t.l(libshutdown2.o)
    0x000001dc   0x000001dc   0x00000000   Code   RO          567    .ARM.Collect$$libshutdown$$0000000C  c_t.l(libshutdown2.o)
    0x000001dc   0x000001dc   0x00000000   Code   RO          570    .ARM.Collect$$libshutdown$$0000000F  c_t.l(libshutdown2.o)
    0x000001dc   0x000001dc   0x00000006   Code   RO          571    .ARM.Collect$$libshutdown$$00000010  c_t.l(libshutdown2.o)
    0x000001e2   0x000001e2   0x00000002   PAD
    0x000001e4   0x000001e4   0x00000000   Code   RO          398    .ARM.Collect$$rtentry$$00000000  c_t.l(__rtentry.o)
    0x000001e4   0x000001e4   0x00000000   Code   RO          413    .ARM.Collect$$rtentry$$00000002  c_t.l(__rtentry2.o)
    0x000001e4   0x000001e4   0x00000008   Code   RO          425    .ARM.Collect$$rtentry$$00000004  c_t.l(__rtentry4.o)
    0x000001ec   0x000001ec   0x00000000   Code   RO          415    .ARM.Collect$$rtentry$$00000009  c_t.l(__rtentry2.o)
    0x000001ec   0x000001ec   0x00000004   Code   RO          416    .ARM.Collect$$rtentry$$0000000A  c_t.l(__rtentry2.o)
    0x000001f0   0x000001f0   0x00000000   Code   RO          418    .ARM.Collect$$rtentry$$0000000C  c_t.l(__rtentry2.o)
    0x000001f0   0x000001f0   0x00000028   Code   RO          419    .ARM.Collect$$rtentry$$0000000D  c_t.l(__rtentry2.o)
    0x00000218   0x00000218   0x00000004   Ven    RO          446    .ARM.Collect$$rtexit$$00000000  c_t.l(rtexit.o)
    0x0000021c   0x0000021c   0x00000004   Code   RO          446    .ARM.Collect$$rtexit$$00000000  c_t.l(rtexit.o)
    0x00000220   0x00000220   0x00000000   Code   RO          502    .ARM.Collect$$rtexit$$00000002  c_t.l(rtexit2.o)
    0x00000220   0x00000220   0x00000004   Code   RO          503    .ARM.Collect$$rtexit$$00000003  c_t.l(rtexit2.o)
    0x00000224   0x00000224   0x00000008   Code   RO          504    .ARM.Collect$$rtexit$$00000004  c_t.l(rtexit2.o)
    0x0000022c   0x0000022c   0x00000020   Code   RO            4    .text               startup.o
    0x0000024c   0x0000024c   0x0000041c   Code   RO           61    .text               main.o
    0x00000668   0x00000668   0x00000094   Code   RO          105    .text               serialisr.o
    0x000006fc   0x000006fc   0x0000015c   Code   RO          108    .text               gpio.o
    0x00000858   0x00000858   0x000001a0   Code   RO          139    .text               serial.o
    0x000009f8   0x000009f8   0x000017e4   Code   RO          158    .text               tasks.o
    0x000021dc   0x000021dc   0x00000098   Code   RO          192    .text               list.o
    0x00002274   0x00002274   0x00000158   Code   RO          219    .text               port.o
    0x000023cc   0x000023cc   0x000001b8   Code   RO          236    .text               heap_2.o
    0x00002584   0x00002584   0x00000004   Ven    RO          364    .text               c_t.l(aeabi_memset.o)
    0x00002588   0x00002588   0x00000010   Code   RO          364    .text               c_t.l(aeabi_memset.o)
    0x00002598   0x00002598   0x00000004   Ven    RO          366    .text               c_t.l(rt_memclr.o)
    0x0000259c   0x0000259c   0x00000040   Code   RO          366    .text               c_t.l(rt_memclr.o)
    0x000025dc   0x000025dc   0x00000180   Code   RO          368    .text               c_t.l(aeabi_sdiv.o)
    0x0000275c   0x0000275c   0x00000006   Code   RO          384    .text               c_t.l(heapauxi.o)
    0x00002762   0x00002762   0x00000002   PAD
    0x00002764   0x00002764   0x00000054   Code   RO          405    .text               c_t.l(rt_memclr_w.o)
    0x000027b8   0x000027b8   0x00000060   Code   RO          429    .text               c_t.l(sys_stackheap_outer.o)
    0x00002818   0x00002818   0x00000014   Code   RO          431    .text               c_t.l(exit.o)
    0x0000282c   0x0000282c   0x0000000c   Code   RO          443    .text               c_t.l(libspace.o)
    0x00002838   0x00002838   0x00000008   Ven    RO          499    .text               c_t.l(sys_exit.o)
    0x00002840   0x00002840   0x0000000c   Code   RO          499    .text               c_t.l(sys_exit.o)
    0x0000284c   0x0000284c   0x00000004   Code   RO          520    .text               c_t.l(use_no_semi.o)
    0x00002850   0x00002850   0x00000000   Code   RO          522    .text               c_t.l(indicate_semi.o)
    0x00002850   0x00002850   0x00000004   Ven    RO          369    .text_udiv          c_t.l(aeabi_sdiv.o)
    0x00002854   0x00002854   0x00000024   Code   RO          369    .text_udiv          c_t.l(aeabi_sdiv.o)
    0x00002878   0x00002878   0x00000004   Ven    RO          251    PORT_ASM            portasm.o
    0x0000287c   0x0000287c   0x0000018c   Code   RO          251    PORT_ASM            portasm.o
    0x00002a08   0x00002a08   0x00000008   Ven    RO          594    Veneer$$Code        anon$$obj.o
    0x00002a10   0x00002a10   0x00000002   Code   RO          173    i.__ARM_common_call_via_r1  tasks.o
    0x00002a12   0x00002a12   0x00000002   PAD
    0x00002a14   0x00002a14   0x00000004   Ven    RO          175    i.__ARM_common_disable_irq  tasks.o
    0x00002a18   0x00002a18   0x00000014   Code   RO          175    i.__ARM_common_disable_irq  tasks.o
    0x00002a2c   0x00002a2c   0x00000004   Ven    RO          231    i.__ARM_common_enable_irq  port.o
    0x00002a30   0x00002a30   0x00000010   Code   RO          231    i.__ARM_common_enable_irq  port.o
    0x00002a40   0x00002a40   0x00000004   Ven    RO          171    i.__ARM_common_switch8  tasks.o
    0x00002a44   0x00002a44   0x00000020   Code   RO          171    i.__ARM_common_switch8  tasks.o
    0x00002a64   0x00002a64   0x00000004   Ven    RO          389    x$fpl$fdiv          fz_ts.l(fdiv.o)
    0x00002a68   0x00002a68   0x00000190   Code   RO          389    x$fpl$fdiv          fz_ts.l(fdiv.o)
    0x00002bf8   0x00002bf8   0x00000004   Ven    RO          393    x$fpl$fflt          fz_ts.l(fflt_noclz.o)
    0x00002bfc   0x00002bfc   0x0000005c   Code   RO          393    x$fpl$fflt          fz_ts.l(fflt_noclz.o)
    0x00002c58   0x00002c58   0x00000004   Ven    RO          396    x$fpl$fmul          fz_ts.l(fmul.o)
    0x00002c5c   0x00002c5c   0x00000100   Code   RO          396    x$fpl$fmul          fz_ts.l(fmul.o)
    0x00002d5c   0x00002d5c   0x000000a8   Code   RO          407    x$fpl$fnaninf       fz_ts.l(fnaninf.o)
    0x00002e04   0x00002e04   0x00000010   Code   RO          409    x$fpl$fretinf       fz_ts.l(fretinf.o)
    0x00002e14   0x00002e14   0x00000000   Code   RO          411    x$fpl$usenofp       fz_ts.l(usenofp.o)
    0x00002e14   0x00002e14   0x00000020   Data   RO          572    Region$$Table       anon$$obj.o


    Execution Region RW_IRAM1 (Exec base: 0x40000000, Load base: 0x00002e34, Size: 0x00003da0, Max: 0x00004000, ABSOLUTE, COMPRESSED[0x00000068])

    Exec Addr    Load Addr    Size         Type   Attr      Idx    E Section Name        Object

    0x40000000   COMPRESSED   0x00000079   Data   RW           63    .data               main.o
    0x40000079   COMPRESSED   0x00000001   PAD
    0x4000007a   COMPRESSED   0x0000005c   Data   RW          127    .data               gpio_cfg.o
    0x400000d6   COMPRESSED   0x00000004   Data   RW          141    .data               serial.o
    0x400000da   COMPRESSED   0x00000002   PAD
    0x400000dc   COMPRESSED   0x00000040   Data   RW          160    .data               tasks.o
    0x4000011c   COMPRESSED   0x00000004   Data   RW          220    .data               port.o
    0x40000120   COMPRESSED   0x00000018   Data   RW          238    .data               heap_2.o
    0x40000138        -       0x00000042   Zero   RW           62    .bss                main.o
    0x4000017a        -       0x000000c8   Zero   RW          140    .bss                serial.o
    0x40000242   COMPRESSED   0x00000002   PAD
    0x40000244        -       0x000000dc   Zero   RW          159    .bss                tasks.o
    0x40000320        -       0x00003400   Zero   RW          237    .bss                heap_2.o
    0x40003720        -       0x00000060   Zero   RW          444    .bss                c_t.l(libspace.o)
    0x40003780        -       0x00000000   Zero   RW            2    HEAP                startup.o
    0x40003780        -       0x00000620   Zero   RW            1    STACK               startup.o


==============================================================================

Image component sizes


      Code (inc. data)   RO Data    RW Data    ZI Data      Debug   Object Name

       348         14          0          0          0       1069   gpio.o
         0          0          0         92          0       1115   gpio_cfg.o
       440         26          0         24      13312       4409   heap_2.o
       152          0          0          0          0       1942   list.o
      1052        326          0        121         66      15822   main.o
         0          0          0          0          0       8596   partest.o
       360         76          0          4          0       3087   port.o
       396         24          0          0          0        356   portasm.o
       416         48          0          4        200       3682   serial.o
       148         12          0          0          0        268   serialisr.o
       292         60          0          0       1568        596   startup.o
      6170        426          0         64        220      33564   tasks.o

    ----------------------------------------------------------------------
      9800       1012         32        312      15368      74506   Object Totals
        24          0         32          0          0          0   (incl. Generated)
         2          0          0          3          2          0   (incl. Padding)

    ----------------------------------------------------------------------

      Code (inc. data)   RO Data    RW Data    ZI Data      Debug   Library Member Name

        68          2          0          0          0          0   __dczerorl.o
         8          0          0          0          0         68   __main.o
         0          0          0          0          0          0   __rtentry.o
        44          4          0          0          0          0   __rtentry2.o
         8          0          0          0          0          0   __rtentry4.o
        60          8          0          0          0          0   __scatter.o
        44          0          0          0          0          0   __scatter_zi.o
        20          0          0          0          0         68   aeabi_memset.o
       424          0          0          0          0        148   aeabi_sdiv.o
        20          0          0          0          0         80   exit.o
         6          0          0          0          0        136   heapauxi.o
         0          0          0          0          0          0   indicate_semi.o
        10          0          0          0          0          0   libinit.o
        12          0          0          0          0          0   libinit2.o
        12          0          0          0          0          0   libshutdown.o
         6          0          0          0          0          0   libshutdown2.o
        12          4          0          0         96         68   libspace.o
        68          0          0          0          0         68   rt_memclr.o
        84          0          0          0          0         80   rt_memclr_w.o
         8          0          0          0          0          0   rtexit.o
        12          0          0          0          0          0   rtexit2.o
        20          4          0          0          0         60   sys_exit.o
        96          0          0          0          0         80   sys_stackheap_outer.o
         4          0          0          0          0         68   use_no_semi.o
       404         76          0          0          0         96   fdiv.o
        96          0          0          0          0         68   fflt_noclz.o
       260          4          0          0          0         84   fmul.o
       168          0          0          0          0         96   fnaninf.o
        16          0          0          0          0         68   fretinf.o
         0          0          0          0          0          0   usenofp.o

    ----------------------------------------------------------------------
      1996        102          0          0         96       1336   Library Totals
         6          0          0          0          0          0   (incl. Padding)

    ----------------------------------------------------------------------

      Code (inc. data)   RO Data    RW Data    ZI Data      Debug   Library Name

      1046         22          0          0         96        924   c_t.l
       944         80          0          0          0        412   fz_ts.l

    ----------------------------------------------------------------------
      1996        102          0          0         96       1336   Library Totals

    ----------------------------------------------------------------------

==============================================================================


      Code (inc. data)   RO Data    RW Data    ZI Data      Debug   

     11796       1114         32        312      15464      74562   Grand Totals
     11796       1114         32        104      15464      74562   ELF Image Totals (compressed)
     11796       1114         32        104          0          0   ROM Totals

==============================================================================

    Total RO  Size (Code + RO Data)                11828 (  11.55kB)
    Total RW  Size (RW Data + ZI Data)             15776 (  15.41kB)
    Total ROM Size (Code + RO Data + RW Data)      11932 (  11.65kB)

==============================================================================

